******************************************************************************
            TI ARM Clang Linker PC v4.0.0                      
******************************************************************************
>> Linked Thu Apr 10 10:22:14 2025

OUTPUT FILE NAME:   <dac12_fifo_timer_event_LP_MSPM0G3507_nortos_ticlang.out>
ENTRY POINT SYMBOL: "_c_int00_noargs"  address: 000004f9


MEMORY CONFIGURATION

         name            origin    length      used     unused   attr    fill
----------------------  --------  ---------  --------  --------  ----  --------
  FLASH                 00000000   00020000  000005f0  0001fa10  R  X
  SRAM                  20200000   00008000  00000204  00007dfc  RW X
  BCR_CONFIG            41c00000   000000ff  00000000  000000ff  R   
  BSL_CONFIG            41c00100   00000080  00000000  00000080  R   


SEGMENT ALLOCATION MAP

run origin  load origin   length   init length attrs members
----------  ----------- ---------- ----------- ----- -------
00000000    00000000    000005f0   000005f0    r-x
  00000000    00000000    000000c0   000000c0    r-- .intvecs
  000000c0    000000c0    000004e0   000004e0    r-x .text
  000005a0    000005a0    00000038   00000038    r-- .rodata
  000005d8    000005d8    00000018   00000018    r-- .cinit
20200000    20200000    00000004   00000000    rw-
  20200000    20200000    00000004   00000000    rw- .data
20207e00    20207e00    00000200   00000000    rw-
  20207e00    20207e00    00000200   00000000    rw- .stack


SECTION ALLOCATION MAP

 output                                  attributes/
section   page    origin      length       input sections
--------  ----  ----------  ----------   ----------------
.intvecs   0    00000000    000000c0     
                  00000000    000000c0     startup_mspm0g350x_ticlang.o (.intvecs)

.text      0    000000c0    000004e0     
                  000000c0    000000e8     driverlib.a : dl_timer.o (.text.DL_Timer_initTimerMode)
                  000001a8    0000009a     libc.a : memcpy16.S.obj (.text:memcpy)
                  00000242    00000002     startup_mspm0g350x_ticlang.o (.text.Default_Handler)
                  00000244    00000088     driverlib.a : dl_dac12.o (.text.DL_DAC12_init)
                  000002cc    0000007c     libc.a : copy_decompress_lzss.c.obj (.text:decompress:lzss)
                  00000348    0000004c     ti_msp_dl_config.o (.text.SYSCFG_DL_SYSCTL_init)
                  00000394    00000040     ti_msp_dl_config.o (.text.SYSCFG_DL_TIMER_0_init)
                  000003d4    00000040     ti_msp_dl_config.o (.text.SYSCFG_DL_initPower)
                  00000414    0000003c     dac12_fifo_timer_event.o (.text.DAC0_IRQHandler)
                  00000450    0000003c     libc.a : autoinit.c.obj (.text:__TI_auto_init_nobinit_nopinit)
                  0000048c    00000038     ti_msp_dl_config.o (.text.SYSCFG_DL_DAC12_init)
                  000004c4    00000034     dac12_fifo_timer_event.o (.text.main)
                  000004f8    00000028     libc.a : boot_cortex_m.c.obj (.text:_c_int00_noargs)
                  00000520    0000001c     driverlib.a : dl_timer.o (.text.DL_Timer_setClockConfig)
                  0000053c    00000018     ti_msp_dl_config.o (.text.SYSCFG_DL_GPIO_init)
                  00000554    00000018     ti_msp_dl_config.o (.text.SYSCFG_DL_init)
                  0000056c    00000012     libc.a : copy_decompress_none.c.obj (.text:decompress:none)
                  0000057e    0000000a     driverlib.a : dl_common.o (.text.DL_Common_delayCycles)
                  00000588    00000008     libclang_rt.builtins.a : aeabi_memcpy.S.obj (.text.__aeabi_memcpy)
                  00000590    00000004     startup_mspm0g350x_ticlang.o (.text.Reset_Handler)
                  00000594    00000004     libc.a : pre_init.c.obj (.text._system_pre_init)
                  00000598    00000004            : exit.c.obj (.text:abort)
                  0000059c    00000004     --HOLE-- [fill = 0]

.cinit     0    000005d8    00000018     
                  000005d8    00000008     (.cinit..data.load) [load image, compression = lzss]
                  000005e0    00000008     (__TI_handler_table)
                  000005e8    00000008     (__TI_cinit_table)

.rodata    0    000005a0    00000038     
                  000005a0    00000020     ti_msp_dl_config.o (.rodata.gDAC12Config)
                  000005c0    00000014     ti_msp_dl_config.o (.rodata.gTIMER_0TimerConfig)
                  000005d4    00000003     ti_msp_dl_config.o (.rodata.gTIMER_0ClockConfig)
                  000005d7    00000001     --HOLE-- [fill = 0]

.init_array 
*          0    00000000    00000000     UNINITIALIZED

.binit     0    00000000    00000000     

.data      0    20200000    00000004     UNINITIALIZED
                  20200000    00000002     dac12_fifo_timer_event.o (.data.gSawCounter)
                  20200002    00000002     dac12_fifo_timer_event.o (.data.gSawIncrement)

.stack     0    20207e00    00000200     UNINITIALIZED
                  20207e00    00000004     libc.a : boot_cortex_m.c.obj (.stack)
                  20207e04    000001fc     --HOLE--

__llvm_prf_cnts 
*          0    20200000    00000000     UNINITIALIZED

__llvm_prf_bits 
*          0    20200000    00000000     UNINITIALIZED

MODULE SUMMARY

       Module                         code   ro data   rw data
       ------                         ----   -------   -------
    .\
       ti_msp_dl_config.o             308    55        0      
       startup_mspm0g350x_ticlang.o   6      192       0      
       dac12_fifo_timer_event.o       112    0         4      
    +--+------------------------------+------+---------+---------+
       Total:                         426    247       4      
                                                              
    C:/ti/mspm0_sdk_2_04_00_06/source/ti/driverlib/lib/ticlang/m0p/mspm0g1x0x_g3x0x/driverlib.a
       dl_timer.o                     260    0         0      
       dl_dac12.o                     136    0         0      
       dl_common.o                    10     0         0      
    +--+------------------------------+------+---------+---------+
       Total:                         406    0         0      
                                                              
    C:\ti\ccstheia151\ccs\tools\compiler\ti-cgt-armllvm_4.0.0.LTS\lib\armv6m-ti-none-eabi/c/libc.a
       memcpy16.S.obj                 154    0         0      
       copy_decompress_lzss.c.obj     124    0         0      
       autoinit.c.obj                 60     0         0      
       boot_cortex_m.c.obj            40     0         0      
       copy_decompress_none.c.obj     18     0         0      
       exit.c.obj                     4      0         0      
       pre_init.c.obj                 4      0         0      
    +--+------------------------------+------+---------+---------+
       Total:                         404    0         0      
                                                              
    C:\ti\ccstheia151\ccs\tools\compiler\ti-cgt-armllvm_4.0.0.LTS\lib\armv6m-ti-none-eabi/libclang_rt.builtins.a
       aeabi_memcpy.S.obj             8      0         0      
    +--+------------------------------+------+---------+---------+
       Total:                         8      0         0      
                                                              
       Stack:                         0      0         512    
       Linker Generated:              0      24        0      
    +--+------------------------------+------+---------+---------+
       Grand Total:                   1244   271       516    


LINKER GENERATED COPY TABLES

__TI_cinit_table @ 000005e8 records: 1, size/record: 8, table size: 8
	.data: load addr=000005d8, load size=00000008 bytes, run addr=20200000, run size=00000004 bytes, compression=lzss


LINKER GENERATED HANDLER TABLE

__TI_handler_table @ 000005e0 records: 2, size/record: 4, table size: 8
	index: 0, handler: __TI_decompress_lzss
	index: 1, handler: __TI_decompress_none


GLOBAL SYMBOLS: SORTED ALPHABETICALLY BY Name 

address   name                          
-------   ----                          
00000243  ADC0_IRQHandler               
00000243  ADC1_IRQHandler               
00000243  AES_IRQHandler                
00000598  C$$EXIT                       
00000243  CANFD0_IRQHandler             
00000415  DAC0_IRQHandler               
0000057f  DL_Common_delayCycles         
00000245  DL_DAC12_init                 
000000c1  DL_Timer_initTimerMode        
00000521  DL_Timer_setClockConfig       
00000243  DMA_IRQHandler                
00000243  Default_Handler               
00000243  GROUP0_IRQHandler             
00000243  GROUP1_IRQHandler             
00000243  HardFault_Handler             
00000243  I2C0_IRQHandler               
00000243  I2C1_IRQHandler               
00000243  NMI_Handler                   
00000243  PendSV_Handler                
00000243  RTC_IRQHandler                
00000591  Reset_Handler                 
00000243  SPI0_IRQHandler               
00000243  SPI1_IRQHandler               
00000243  SVC_Handler                   
0000048d  SYSCFG_DL_DAC12_init          
0000053d  SYSCFG_DL_GPIO_init           
00000349  SYSCFG_DL_SYSCTL_init         
00000395  SYSCFG_DL_TIMER_0_init        
00000555  SYSCFG_DL_init                
000003d5  SYSCFG_DL_initPower           
00000243  SysTick_Handler               
00000243  TIMA0_IRQHandler              
00000243  TIMA1_IRQHandler              
00000243  TIMG0_IRQHandler              
00000243  TIMG12_IRQHandler             
00000243  TIMG6_IRQHandler              
00000243  TIMG7_IRQHandler              
00000243  TIMG8_IRQHandler              
00000243  UART0_IRQHandler              
00000243  UART1_IRQHandler              
00000243  UART2_IRQHandler              
00000243  UART3_IRQHandler              
20208000  __STACK_END                   
00000200  __STACK_SIZE                  
00000000  __TI_ATRegion0_region_sz      
00000000  __TI_ATRegion0_src_addr       
00000000  __TI_ATRegion0_trg_addr       
00000000  __TI_ATRegion1_region_sz      
00000000  __TI_ATRegion1_src_addr       
00000000  __TI_ATRegion1_trg_addr       
00000000  __TI_ATRegion2_region_sz      
00000000  __TI_ATRegion2_src_addr       
00000000  __TI_ATRegion2_trg_addr       
000005e8  __TI_CINIT_Base               
000005f0  __TI_CINIT_Limit              
000005f0  __TI_CINIT_Warm               
000005e0  __TI_Handler_Table_Base       
000005e8  __TI_Handler_Table_Limit      
00000451  __TI_auto_init_nobinit_nopinit
000002cd  __TI_decompress_lzss          
0000056d  __TI_decompress_none          
ffffffff  __TI_pprof_out_hndl           
ffffffff  __TI_prof_data_size           
ffffffff  __TI_prof_data_start          
00000000  __TI_static_base__            
00000589  __aeabi_memcpy                
00000589  __aeabi_memcpy4               
00000589  __aeabi_memcpy8               
ffffffff  __binit__                     
UNDEFED   __mpu_init                    
20207e00  __stack                       
20200000  __start___llvm_prf_bits       
20200000  __start___llvm_prf_cnts       
20200000  __stop___llvm_prf_bits        
20200000  __stop___llvm_prf_cnts        
000004f9  _c_int00_noargs               
UNDEFED   _system_post_cinit            
00000595  _system_pre_init              
00000599  abort                         
ffffffff  binit                         
20200000  gSawCounter                   
20200002  gSawIncrement                 
00000000  interruptVectors              
000004c5  main                          
000001a9  memcpy                        


GLOBAL SYMBOLS: SORTED BY Symbol Address 

address   name                          
-------   ----                          
00000000  __TI_ATRegion0_region_sz      
00000000  __TI_ATRegion0_src_addr       
00000000  __TI_ATRegion0_trg_addr       
00000000  __TI_ATRegion1_region_sz      
00000000  __TI_ATRegion1_src_addr       
00000000  __TI_ATRegion1_trg_addr       
00000000  __TI_ATRegion2_region_sz      
00000000  __TI_ATRegion2_src_addr       
00000000  __TI_ATRegion2_trg_addr       
00000000  __TI_static_base__            
00000000  interruptVectors              
000000c1  DL_Timer_initTimerMode        
000001a9  memcpy                        
00000200  __STACK_SIZE                  
00000243  ADC0_IRQHandler               
00000243  ADC1_IRQHandler               
00000243  AES_IRQHandler                
00000243  CANFD0_IRQHandler             
00000243  DMA_IRQHandler                
00000243  Default_Handler               
00000243  GROUP0_IRQHandler             
00000243  GROUP1_IRQHandler             
00000243  HardFault_Handler             
00000243  I2C0_IRQHandler               
00000243  I2C1_IRQHandler               
00000243  NMI_Handler                   
00000243  PendSV_Handler                
00000243  RTC_IRQHandler                
00000243  SPI0_IRQHandler               
00000243  SPI1_IRQHandler               
00000243  SVC_Handler                   
00000243  SysTick_Handler               
00000243  TIMA0_IRQHandler              
00000243  TIMA1_IRQHandler              
00000243  TIMG0_IRQHandler              
00000243  TIMG12_IRQHandler             
00000243  TIMG6_IRQHandler              
00000243  TIMG7_IRQHandler              
00000243  TIMG8_IRQHandler              
00000243  UART0_IRQHandler              
00000243  UART1_IRQHandler              
00000243  UART2_IRQHandler              
00000243  UART3_IRQHandler              
00000245  DL_DAC12_init                 
000002cd  __TI_decompress_lzss          
00000349  SYSCFG_DL_SYSCTL_init         
00000395  SYSCFG_DL_TIMER_0_init        
000003d5  SYSCFG_DL_initPower           
00000415  DAC0_IRQHandler               
00000451  __TI_auto_init_nobinit_nopinit
0000048d  SYSCFG_DL_DAC12_init          
000004c5  main                          
000004f9  _c_int00_noargs               
00000521  DL_Timer_setClockConfig       
0000053d  SYSCFG_DL_GPIO_init           
00000555  SYSCFG_DL_init                
0000056d  __TI_decompress_none          
0000057f  DL_Common_delayCycles         
00000589  __aeabi_memcpy                
00000589  __aeabi_memcpy4               
00000589  __aeabi_memcpy8               
00000591  Reset_Handler                 
00000595  _system_pre_init              
00000598  C$$EXIT                       
00000599  abort                         
000005e0  __TI_Handler_Table_Base       
000005e8  __TI_CINIT_Base               
000005e8  __TI_Handler_Table_Limit      
000005f0  __TI_CINIT_Limit              
000005f0  __TI_CINIT_Warm               
20200000  __start___llvm_prf_bits       
20200000  __start___llvm_prf_cnts       
20200000  __stop___llvm_prf_bits        
20200000  __stop___llvm_prf_cnts        
20200000  gSawCounter                   
20200002  gSawIncrement                 
20207e00  __stack                       
20208000  __STACK_END                   
ffffffff  __TI_pprof_out_hndl           
ffffffff  __TI_prof_data_size           
ffffffff  __TI_prof_data_start          
ffffffff  __binit__                     
ffffffff  binit                         
UNDEFED   __mpu_init                    
UNDEFED   _system_post_cinit            

[85 symbols]
